WARN:05/08/2026 12.41.04:   Media Data box [mdat] detected but not handled
WARN:05/08/2026 12.41.05:   Media Data box [mdat] detected but not handled
INFO:05/08/2026 15.08.29:   No matching chunks extracted from PNG file [E:\ImageBatchDir\aow_group.png]
WARN:05/08/2026 15.08.29:   Media Data box [mdat] detected but not handled
WARN:05/08/2026 15.08.29:   Fallback XMP segment found using Item ID [52]
WARN:05/08/2026 15.08.29:   Media Data box [mdat] detected but not handled
WARN:05/08/2026 15.08.29:   Fallback XMP segment found using Item ID [52]
WARN:05/08/2026 15.08.29:   Media Data box [mdat] detected but not handled
WARN:05/08/2026 15.08.29:   Fallback XMP segment found using Item ID [52]
WARN:05/08/2026 15.08.29:   Media Data box [mdat] detected but not handled
WARN:05/08/2026 15.08.29:   Fallback XMP segment found using Item ID [52]
WARN:05/08/2026 15.08.29:   Media Data box [mdat] detected but not handled
WARN:05/08/2026 15.08.29:   Fallback XMP segment found using Item ID [52]
WARN:05/08/2026 15.08.29:   Media Data box [mdat] detected but not handled
WARN:05/08/2026 15.08.29:   Media Data box [mdat] detected but not handled
WARN:05/08/2026 15.08.29:   Fallback XMP segment found using Item ID [52]
INFO:05/08/2026 15.08.30:   No matching chunks extracted from PNG file [E:\ImageBatchDir\pool1.jpg]
WARN:05/08/2026 15.08.30:   File [pool1.jpg] contains [PNG] data but uses an incorrect extension. Expected [pool1.png]
INFO:05/08/2026 15.08.30:   No matching chunks extracted from PNG file [E:\ImageBatchDir\pool10.jpg]
WARN:05/08/2026 15.08.30:   File [pool10.jpg] contains [PNG] data but uses an incorrect extension. Expected [pool10.png]
INFO:05/08/2026 15.08.30:   No matching chunks extracted from PNG file [E:\ImageBatchDir\pool11.jpg]
WARN:05/08/2026 15.08.30:   File [pool11.jpg] contains [PNG] data but uses an incorrect extension. Expected [pool11.png]
INFO:05/08/2026 15.08.31:   No matching chunks extracted from PNG file [E:\ImageBatchDir\pool12.jpg]
WARN:05/08/2026 15.08.31:   File [pool12.jpg] contains [PNG] data but uses an incorrect extension. Expected [pool12.png]
INFO:05/08/2026 15.08.31:   No matching chunks extracted from PNG file [E:\ImageBatchDir\pool13.jpg]
WARN:05/08/2026 15.08.31:   File [pool13.jpg] contains [PNG] data but uses an incorrect extension. Expected [pool13.png]
INFO:05/08/2026 15.08.31:   No matching chunks extracted from PNG file [E:\ImageBatchDir\pool14.jpg]
WARN:05/08/2026 15.08.31:   File [pool14.jpg] contains [PNG] data but uses an incorrect extension. Expected [pool14.png]
INFO:05/08/2026 15.08.32:   No matching chunks extracted from PNG file [E:\ImageBatchDir\pool15.jpg]
WARN:05/08/2026 15.08.32:   File [pool15.jpg] contains [PNG] data but uses an incorrect extension. Expected [pool15.png]
INFO:05/08/2026 15.08.32:   No matching chunks extracted from PNG file [E:\ImageBatchDir\pool16.jpg]
WARN:05/08/2026 15.08.32:   File [pool16.jpg] contains [PNG] data but uses an incorrect extension. Expected [pool16.png]
INFO:05/08/2026 15.08.32:   No matching chunks extracted from PNG file [E:\ImageBatchDir\pool17.jpg]
WARN:05/08/2026 15.08.32:   File [pool17.jpg] contains [PNG] data but uses an incorrect extension. Expected [pool17.png]
INFO:05/08/2026 15.08.33:   No matching chunks extracted from PNG file [E:\ImageBatchDir\pool18.jpg]
WARN:05/08/2026 15.08.33:   File [pool18.jpg] contains [PNG] data but uses an incorrect extension. Expected [pool18.png]
INFO:05/08/2026 15.08.33:   No matching chunks extracted from PNG file [E:\ImageBatchDir\pool2.jpg]
WARN:05/08/2026 15.08.33:   File [pool2.jpg] contains [PNG] data but uses an incorrect extension. Expected [pool2.png]
INFO:05/08/2026 15.08.33:   No matching chunks extracted from PNG file [E:\ImageBatchDir\pool3 - Copy.jpg]
WARN:05/08/2026 15.08.33:   File [pool3 - Copy.jpg] contains [PNG] data but uses an incorrect extension. Expected [pool3 - Copy.png]
INFO:05/08/2026 15.08.34:   No matching chunks extracted from PNG file [E:\ImageBatchDir\pool3.jpg]
WARN:05/08/2026 15.08.34:   File [pool3.jpg] contains [PNG] data but uses an incorrect extension. Expected [pool3.png]
INFO:05/08/2026 15.08.34:   No matching chunks extracted from PNG file [E:\ImageBatchDir\pool4.jpg]
WARN:05/08/2026 15.08.34:   File [pool4.jpg] contains [PNG] data but uses an incorrect extension. Expected [pool4.png]
INFO:05/08/2026 15.08.34:   No matching chunks extracted from PNG file [E:\ImageBatchDir\pool5.jpg]
WARN:05/08/2026 15.08.34:   File [pool5.jpg] contains [PNG] data but uses an incorrect extension. Expected [pool5.png]
INFO:05/08/2026 15.08.35:   No matching chunks extracted from PNG file [E:\ImageBatchDir\pool6.jpg]
WARN:05/08/2026 15.08.35:   File [pool6.jpg] contains [PNG] data but uses an incorrect extension. Expected [pool6.png]
INFO:05/08/2026 15.08.35:   No matching chunks extracted from PNG file [E:\ImageBatchDir\pool7.jpg]
WARN:05/08/2026 15.08.35:   File [pool7.jpg] contains [PNG] data but uses an incorrect extension. Expected [pool7.png]
INFO:05/08/2026 15.08.36:   No matching chunks extracted from PNG file [E:\ImageBatchDir\pool8.jpg]
WARN:05/08/2026 15.08.36:   File [pool8.jpg] contains [PNG] data but uses an incorrect extension. Expected [pool8.png]
INFO:05/08/2026 15.08.36:   No matching chunks extracted from PNG file [E:\ImageBatchDir\pool9.jpg]
WARN:05/08/2026 15.08.36:   File [pool9.jpg] contains [PNG] data but uses an incorrect extension. Expected [pool9.png]
